// Jest Snapshot v1, https://goo.gl/fbAQLP

exports[`Root Component Tests Matches Mounted SnapShot 1`] = `
<LoaderTest>
  <Loader
    className="nw-loader"
  >
    <svg
      className="nwc-loader nw-loader"
      height="200px"
      preserveAspectRatio="xMidYMid"
      viewBox="0 0 100 100"
      width="200px"
      xmlns="http://www.w3.org/2000/svg"
    >
      <circle
        className="nwc-loader-circle"
        cx="50"
        cy="50"
        fill="none"
        r="35"
        stroke="#f2258b"
        strokeDasharray="164.93361431346415 56.97787143782138"
        strokeWidth="8"
        transform="rotate(313.584 50 50)"
      />
    </svg>
  </Loader>
</LoaderTest>
`;

exports[`Root Component Tests Matches Shallow SnapShot 1`] = `
<Loader
  className="nw-loader"
/>
`;
