// Jest Snapshot v1, https://goo.gl/fbAQLP

exports[`Root Component Tests Matches Mounted SnapShot 1`] = `ReactWrapper {}`;

exports[`Root Component Tests Matches Shallow SnapShot 1`] = `
<Autocomplete
  className=""
  getSelection={[Function]}
  inpList={
    Array [
      "Arrow",
      "Levis",
      "Hidden",
      "Gap",
    ]
  }
  minTextLength={0}
  renderInput={[Function]}
  renderList={[Function]}
  selectedIndex={-1}
/>
`;
