// Jest Snapshot v1, https://goo.gl/fbAQLP

exports[`Root Component Tests Matches Rendered SnapShot 1`] = `
<CloseTest>
  <Close
    className=""
  >
    <Button
      className="nwc-close "
    >
      <button
        className="nwc-btn nwc-close "
        tabIndex="0"
      >
        Ã—
      </button>
    </Button>
  </Close>
</CloseTest>
`;

exports[`Root Component Tests Matches Shallow SnapShot 1`] = `
<Close
  className=""
/>
`;
