// Jest Snapshot v1, https://goo.gl/fbAQLP

exports[`Root Component Tests Matches Rendered SnapShot 1`] = `ReactWrapper {}`;

exports[`Root Component Tests Matches Shallow SnapShot 1`] = `
<Close
  className=""
/>
`;
